[0.024s] Invoking command in '/home/geonmo/ydlidar_ws/build/ydlidar_ros2_driver': CMAKE_PREFIX_PATH=/opt/ros/humble /usr/bin/cmake --build /home/geonmo/ydlidar_ws/build/ydlidar_ros2_driver -- -j4 -l4
[0.145s] [35m[1mConsolidate compiler generated dependencies of target ydlidar_ros2_driver_node[0m
[0.196s] [100%] Built target ydlidar_ros2_driver_client
[0.196s] [100%] Built target ydlidar_ros2_driver_node
[0.219s] Invoked command in '/home/geonmo/ydlidar_ws/build/ydlidar_ros2_driver' returned '0': CMAKE_PREFIX_PATH=/opt/ros/humble /usr/bin/cmake --build /home/geonmo/ydlidar_ws/build/ydlidar_ros2_driver -- -j4 -l4
[0.241s] Invoking command in '/home/geonmo/ydlidar_ws/build/ydlidar_ros2_driver': CMAKE_PREFIX_PATH=/opt/ros/humble /usr/bin/cmake --install /home/geonmo/ydlidar_ws/build/ydlidar_ros2_driver
[0.256s] -- Install configuration: ""
[0.256s] -- Execute custom install script
[0.257s] -- Up-to-date symlink: /home/geonmo/ydlidar_ws/install/ydlidar_ros2_driver/lib/ydlidar_ros2_driver/ydlidar_ros2_driver_node
[0.257s] -- Up-to-date symlink: /home/geonmo/ydlidar_ws/install/ydlidar_ros2_driver/lib/ydlidar_ros2_driver/ydlidar_ros2_driver_client
[0.258s] -- Up-to-date symlink: /home/geonmo/ydlidar_ws/install/ydlidar_ros2_driver/share/ydlidar_ros2_driver/launch/ydlidar.py
[0.259s] -- Up-to-date symlink: /home/geonmo/ydlidar_ws/install/ydlidar_ros2_driver/share/ydlidar_ros2_driver/launch/ydlidar_launch.py
[0.259s] -- Up-to-date symlink: /home/geonmo/ydlidar_ws/install/ydlidar_ros2_driver/share/ydlidar_ros2_driver/launch/ydlidar_launch_view.py
[0.260s] -- Up-to-date symlink: /home/geonmo/ydlidar_ws/install/ydlidar_ros2_driver/share/ydlidar_ros2_driver/params/G1.yaml
[0.260s] -- Up-to-date symlink: /home/geonmo/ydlidar_ws/install/ydlidar_ros2_driver/share/ydlidar_ros2_driver/params/G2.yaml
[0.260s] -- Up-to-date symlink: /home/geonmo/ydlidar_ws/install/ydlidar_ros2_driver/share/ydlidar_ros2_driver/params/G6.yaml
[0.260s] -- Up-to-date symlink: /home/geonmo/ydlidar_ws/install/ydlidar_ros2_driver/share/ydlidar_ros2_driver/params/GS2.yaml
[0.260s] -- Up-to-date symlink: /home/geonmo/ydlidar_ws/install/ydlidar_ros2_driver/share/ydlidar_ros2_driver/params/TEA.yaml
[0.261s] -- Up-to-date symlink: /home/geonmo/ydlidar_ws/install/ydlidar_ros2_driver/share/ydlidar_ros2_driver/params/TG.yaml
[0.261s] -- Up-to-date symlink: /home/geonmo/ydlidar_ws/install/ydlidar_ros2_driver/share/ydlidar_ros2_driver/params/TminiPro.yaml
[0.261s] -- Up-to-date symlink: /home/geonmo/ydlidar_ws/install/ydlidar_ros2_driver/share/ydlidar_ros2_driver/params/X2.yaml
[0.261s] -- Up-to-date symlink: /home/geonmo/ydlidar_ws/install/ydlidar_ros2_driver/share/ydlidar_ros2_driver/params/X4-Pro.yaml
[0.261s] -- Up-to-date symlink: /home/geonmo/ydlidar_ws/install/ydlidar_ros2_driver/share/ydlidar_ros2_driver/params/X4.yaml
[0.262s] -- Up-to-date symlink: /home/geonmo/ydlidar_ws/install/ydlidar_ros2_driver/share/ydlidar_ros2_driver/params/ydlidar.yaml
[0.262s] -- Up-to-date symlink: /home/geonmo/ydlidar_ws/install/ydlidar_ros2_driver/share/ydlidar_ros2_driver/startup/initenv.sh
[0.263s] -- Up-to-date symlink: /home/geonmo/ydlidar_ws/install/ydlidar_ros2_driver/share/ydlidar_ros2_driver/config/ydlidar.rviz
[0.263s] -- Up-to-date symlink: /home/geonmo/ydlidar_ws/install/ydlidar_ros2_driver/share/ament_index/resource_index/package_run_dependencies/ydlidar_ros2_driver
[0.263s] -- Up-to-date symlink: /home/geonmo/ydlidar_ws/install/ydlidar_ros2_driver/share/ament_index/resource_index/parent_prefix_path/ydlidar_ros2_driver
[0.264s] -- Up-to-date symlink: /home/geonmo/ydlidar_ws/install/ydlidar_ros2_driver/share/ydlidar_ros2_driver/environment/ament_prefix_path.sh
[0.264s] -- Up-to-date symlink: /home/geonmo/ydlidar_ws/install/ydlidar_ros2_driver/share/ydlidar_ros2_driver/environment/ament_prefix_path.dsv
[0.264s] -- Up-to-date symlink: /home/geonmo/ydlidar_ws/install/ydlidar_ros2_driver/share/ydlidar_ros2_driver/environment/path.sh
[0.265s] -- Up-to-date symlink: /home/geonmo/ydlidar_ws/install/ydlidar_ros2_driver/share/ydlidar_ros2_driver/environment/path.dsv
[0.265s] -- Up-to-date symlink: /home/geonmo/ydlidar_ws/install/ydlidar_ros2_driver/share/ydlidar_ros2_driver/local_setup.bash
[0.265s] -- Up-to-date symlink: /home/geonmo/ydlidar_ws/install/ydlidar_ros2_driver/share/ydlidar_ros2_driver/local_setup.sh
[0.265s] -- Up-to-date symlink: /home/geonmo/ydlidar_ws/install/ydlidar_ros2_driver/share/ydlidar_ros2_driver/local_setup.zsh
[0.266s] -- Up-to-date symlink: /home/geonmo/ydlidar_ws/install/ydlidar_ros2_driver/share/ydlidar_ros2_driver/local_setup.dsv
[0.266s] -- Symlinking: /home/geonmo/ydlidar_ws/install/ydlidar_ros2_driver/share/ydlidar_ros2_driver/package.dsv
[0.283s] -- Up-to-date symlink: /home/geonmo/ydlidar_ws/install/ydlidar_ros2_driver/share/ament_index/resource_index/packages/ydlidar_ros2_driver
[0.283s] -- Up-to-date symlink: /home/geonmo/ydlidar_ws/install/ydlidar_ros2_driver/share/ydlidar_ros2_driver/cmake/ydlidar_ros2_driverConfig.cmake
[0.283s] -- Up-to-date symlink: /home/geonmo/ydlidar_ws/install/ydlidar_ros2_driver/share/ydlidar_ros2_driver/cmake/ydlidar_ros2_driverConfig-version.cmake
[0.283s] -- Up-to-date symlink: /home/geonmo/ydlidar_ws/install/ydlidar_ros2_driver/share/ydlidar_ros2_driver/package.xml
[0.287s] Invoked command in '/home/geonmo/ydlidar_ws/build/ydlidar_ros2_driver' returned '0': CMAKE_PREFIX_PATH=/opt/ros/humble /usr/bin/cmake --install /home/geonmo/ydlidar_ws/build/ydlidar_ros2_driver
